// Jest Snapshot v1, https://jestjs.io/docs/snapshot-testing

exports[`EditWorkoutPage matches snapshot when list exists 1`] = `
<div>
  <div
    class="container"
  >
    <header
      class="header"
    >
      <h1>
        Editing Push Day
      </h1>
    </header>
    <main
      class="main"
    >
      <form
        class="form"
      >
        <div
          class="section"
        >
          <div
            class="field"
          >
            <label
              class="label"
              for="name"
            >
              List Name *
            </label>
            <input
              class="input"
              id="name"
              placeholder="e.g., Push Day"
              required=""
              type="text"
              value="Push Day"
            />
          </div>
          <div
            class="field"
          >
            <label
              class="label"
              for="description"
            >
              Description
            </label>
            <textarea
              class="textarea"
              id="description"
              placeholder="Chest, shoulders, triceps"
              rows="2"
            >
              Chest focus
            </textarea>
          </div>
        </div>
        <div
          class="section"
        >
          <div
            class="sectionHeader"
          >
            <h2>
              Exercises
            </h2>
            <button
              class="button primary sm"
              data-headlessui-state=""
              type="button"
            >
              + Add Exercise
            </button>
          </div>
          <div
            class="exerciseList"
          >
            <div
              class="exerciseCard"
            >
              <div
                class="exerciseHeader"
              >
                <span
                  class="exerciseNumber"
                >
                  1
                </span>
                <button
                  aria-label="Remove exercise"
                  class="removeButton"
                  type="button"
                >
                  ✕
                </button>
              </div>
              <div
                class="field"
              >
                <label
                  class="label"
                >
                  Name *
                </label>
                <input
                  class="input"
                  placeholder="Bench Press"
                  required=""
                  type="text"
                  value="Bench Press"
                />
              </div>
              <div
                class="field"
              >
                <label
                  class="label"
                >
                  Muscle Group
                </label>
                <div
                  class="listboxWrapper"
                  data-headlessui-state=""
                >
                  <button
                    aria-expanded="false"
                    aria-haspopup="listbox"
                    class="listboxButton"
                    data-headlessui-state=""
                    id="headlessui-listbox-button-:r2:"
                    type="button"
                  >
                    Chest
                  </button>
                </div>
              </div>
              <div
                class="fieldRow"
              >
                <div
                  class="field"
                  data-headlessui-state=""
                >
                  <label
                    class="label"
                    data-headlessui-state=""
                    for="weight-ex-1"
                    id="headlessui-label-:r7:"
                  >
                    Weight (kg)
                  </label>
                  <input
                    aria-labelledby="headlessui-label-:r7:"
                    class="input inputSm "
                    data-headlessui-state=""
                    id="weight-ex-1"
                    inputmode="decimal"
                    type="text"
                    value="80"
                  />
                  <span
                    hidden=""
                    style="position: fixed; top: 1px; left: 1px; width: 1px; height: 0px; padding: 0px; margin: -1px; overflow: hidden; clip: rect(0px, 0px, 0px, 0px); white-space: nowrap; border-width: 0px; display: none;"
                  />
                </div>
                <div
                  class="field"
                  data-headlessui-state=""
                >
                  <label
                    class="label"
                    data-headlessui-state=""
                    for="reps-ex-1"
                    id="headlessui-label-:ra:"
                  >
                    Reps
                  </label>
                  <input
                    aria-labelledby="headlessui-label-:ra:"
                    class="input inputSm "
                    data-headlessui-state=""
                    id="reps-ex-1"
                    inputmode="numeric"
                    type="text"
                    value="10"
                  />
                  <span
                    hidden=""
                    style="position: fixed; top: 1px; left: 1px; width: 1px; height: 0px; padding: 0px; margin: -1px; overflow: hidden; clip: rect(0px, 0px, 0px, 0px); white-space: nowrap; border-width: 0px; display: none;"
                  />
                </div>
                <div
                  class="field"
                  data-headlessui-state=""
                >
                  <label
                    class="label"
                    data-headlessui-state=""
                    for="sets-ex-1"
                    id="headlessui-label-:rd:"
                  >
                    Sets
                  </label>
                  <input
                    aria-labelledby="headlessui-label-:rd:"
                    class="input inputSm "
                    data-headlessui-state=""
                    id="sets-ex-1"
                    inputmode="numeric"
                    type="text"
                    value="3"
                  />
                  <span
                    hidden=""
                    style="position: fixed; top: 1px; left: 1px; width: 1px; height: 0px; padding: 0px; margin: -1px; overflow: hidden; clip: rect(0px, 0px, 0px, 0px); white-space: nowrap; border-width: 0px; display: none;"
                  />
                </div>
              </div>
            </div>
          </div>
        </div>
        <div
          class="actions"
        >
          <button
            class="button secondary md"
            data-headlessui-state=""
            type="button"
          >
            Cancel
          </button>
          <button
            class="button primary md"
            data-headlessui-state=""
            type="submit"
          >
            Save
          </button>
        </div>
      </form>
    </main>
  </div>
</div>
`;

exports[`EditWorkoutPage matches snapshot when list not found 1`] = `
<div>
  <div
    class="container"
  >
    <h2
      class="title"
    >
      Workout list not found
    </h2>
    <a
      class="link"
      href="/"
    >
      <button
        class="button primary md"
        data-headlessui-state=""
        type="button"
      >
        Back to Home
      </button>
    </a>
  </div>
</div>
`;
