// Jest Snapshot v1, https://jestjs.io/docs/snapshot-testing

exports[`ProfilePage matches snapshot 1`] = `
<div>
  <div
    class="container"
  >
    <header
      class="header"
    >
      <div
        class="headerTop"
      >
        <div
          class="wordmark"
        >
          <img
            alt=""
            aria-hidden="true"
            class="icon"
            height="512"
            src="/favicon.svg"
            width="512"
          />
          <span
            class="title"
          >
            Profile
          </span>
        </div>
      </div>
    </header>
    <main
      class="main"
    >
      <div
        class="account"
      >
        <div
          aria-hidden="true"
          class="avatar"
        >
          <span
            class="letter"
          >
            J
          </span>
        </div>
        <p
          class="email"
        >
          jane@example.com
        </p>
        <button
          class="button secondary md logoutButton"
          data-headlessui-state=""
          type="button"
        >
          Log out
        </button>
      </div>
      <div
        class="dangerZone"
      >
        <p
          class="dangerHint"
        >
          Deleting your account permanently removes all your data. This cannot be undone.
        </p>
        <button
          class="button danger md deleteButton"
          data-headlessui-state=""
          type="button"
        >
          Delete account
        </button>
      </div>
      <footer
        class="legal"
      >
        <a
          href="/privacy"
        >
          Privacy Policy
        </a>
        <span
          aria-hidden="true"
          class="legalSep"
        >
          ·
        </span>
        <a
          href="/terms"
        >
          Terms of Service
        </a>
      </footer>
    </main>
    <nav
      data-testid="main-tabs-bar"
    />
  </div>
</div>
`;
