// Jest Snapshot v1, https://jestjs.io/docs/snapshot-testing

exports[`UserAvatarMenu matches snapshot 1`] = `
<div>
  <button
    aria-expanded="false"
    aria-haspopup="menu"
    aria-label="Account menu"
    class="trigger"
    data-headlessui-state=""
    id="headlessui-menu-button-:r2:"
    type="button"
  >
    <span
      aria-hidden="true"
      class="letter"
    >
      A
    </span>
  </button>
</div>
`;
